
running 31 tests
test boundary_tests::public_team_surface_compiles ... ok
test boundary_tests::dependency_direction_stays_one_way_and_host_free ... ok
test boundary_tests::public_workflow_surface_compiles ... ok
test teams::service::dependency_tests::rejects_self_dependency ... ok
test teams::service::dependency_tests::rejects_dependency_cycle ... ok
test teams::tests::fake_ledger_exercises_member_validation_without_session_storage ... ok
test teams::graph::tests::worker_engine_errors_propagate ... ok
test teams::graph::tests::injected_event_sink_observes_member_graph_lifecycle ... ok
test teams::graph::tests::member_graph_routes_completed_and_failed_workers ... ok
test workflow::tests::scheduler_topology_preview_exposes_dispatch_run_and_done ... ok
test workflow::tests::structural_validation_covers_invalid_definitions ... ok
test workflow::tests::structured_outputs_are_preserved_in_context_and_summary ... ok
test workflow::tests::cancellation_after_workers_start_cancels_durably_registered_children ... ok
test workflow::tests::output_wire_shape_remains_compatible_while_json_stays_lossless ... ok
test workflow::tests::cancellation_and_resume_do_not_repeat_completed_phases ... ok
test workflow::tests::engine_runs_in_deterministic_dependency_order_and_threads_context ... ok
test workflow::tests::concurrent_drives_acquire_one_lease_and_do_not_duplicate_children ... ok
test workflow::tests::terminal_events_are_truthful_and_flushed ... ok
test workflow::tests::engine_respects_concurrency_global_cap_and_partial_failure ... ok
test workflow::tests::lost_heartbeat_cancels_registered_children_and_fails_closed ... ok
test workflow::tests::fenced_driver_exits_silently_when_a_replacement_is_running ... ok
test workflow::tests::expired_owner_takeover_resets_running_phase_and_retries_once ... ok
test teams::runtime::tests::delivery_selects_direct_and_broadcast_messages_once ... ok
test teams::tests::rejects_duplicate_members_and_unknown_dependencies ... ok
test teams::runtime::tests::prompt_and_truncation_preserve_text_boundaries ... ok
test teams::tests::task_claim_completion_and_quality_gate_are_durable ... ok
test teams::tests::racing_claims_have_one_winner_and_one_already_claimed_loser ... ok
test teams::tests::messages_remain_ordered_and_member_shutdown_releases_work ... ok
test teams::tests::completion_rejects_non_claimants_and_owner_mismatches ... ok
test workflow::tests::heartbeat_renews_a_short_lease_while_a_child_is_running ... ok
test teams::runtime::tests::delivery_pages_past_the_session_ledger_cap ... ok

test result: ok. 31 passed; 0 failed; 0 ignored; 0 measured; 0 filtered out; finished in 0.08s


running 0 tests

test result: ok. 0 passed; 0 failed; 0 ignored; 0 measured; 0 filtered out; finished in 0.00s

